// Jest Snapshot v1, https://goo.gl/fbAQLP

exports[`Probando RealExampleRef should mostrarse el componente RealExampleRef 1`] = `
<div>
  <h1>
    Ejemplo real de useRef  
  </h1>
  <hr />
  <button
    className="btn btn-primary"
    onClick={[Function]}
  >
     
    mostrar
     
  </button>
</div>
`;
