// Jest Snapshot v1, https://goo.gl/fbAQLP

exports[`Pruebas en el componente JournalEntry should renderizarse el componente 1`] = `
<div
  className="journal__entry pointer animate__animated animate__fadeIn animate__faster"
  onClick={[Function]}
>
  <div
    className="journal__entry-picture"
    style={
      Object {
        "backgroundImage": "url(https://dominio.com/imagen.jpg)",
        "backgroundSize": "cover",
      }
    }
  />
  <div
    className="journal__entry-body"
  >
    <p
      className="journal__entry-title"
    >
      Titulo Nota
    </p>
    <p
      className="journal__entry-content"
    >
      Nota de pruebas
    </p>
  </div>
  <div
    className="journal__entry-date-box"
  >
    <span>
      Wednesday
    </span>
    <h4>
      31st
    </h4>
  </div>
</div>
`;
